<html><body>
<todoitem id="stable"><div>
 I am a diamond
</div></todoitem>
</body></html>
