<!DOCTYPE html>
<html lang="{&lt;en&gt;}">
<head>
<title>&lt;Untitled&gt;</title>
</head>
<body>
<testapp id="app"><div>
Your name is Rob&lt;&gt;is awesome.
<fragment id="fragment-test">
<todoitem id="stable"><div>
 I am a diamond
</div></todoitem>
</fragment>
<label id="labeltest">        <label for="stable">
            
This is a label

        </label>
		</label>
</div></testapp>
</body>
</html>
