-
    - 'Cache-Control: max-age=60,revalidate,private'
-
    - 'ETag: test'
