-
    - 'Cache-Control: max-age=60,revalidate,public'
-
    - 'ETag: test'
