-
    etagRequired: false
    tag: 'immutable shared different age'
-
    etagRequired: true
    tag: 'often changes: shared different age'
-
    etagRequired: true
    tag: 'periodically changes but always check: shared different age'
-
    etagRequired: true
    tag: 'periodically changes but if stale: shared different age'
-
    etagRequired: false
    tag: 'periodically changes but never check: shared different age'
-
    etagRequired: false
    tag: 'never cache'
-
    etagRequired: false
    tag: 'immutable not shared'
-
    etagRequired: true
    tag: 'often changes: not shared'
-
    etagRequired: false
    tag: 'periodically changes but never check: not shared'
-
    etagRequired: true
    tag: 'periodically changes but always check: not shared'
-
    etagRequired: true
    tag: 'periodically changes but if stale: not shared'
-
    etagRequired: false
    tag: 'immutable shared'
-
    etagRequired: true
    tag: 'often changes: shared'
-
    etagRequired: true
    tag: 'periodically changes but always check: shared'
-
    etagRequired: true
    tag: 'periodically changes but if stale: shared'
-
    etagRequired: false
    tag: 'periodically changes but never check: shared'
