-
    - 'Cache-Control: max-age=60,immutable,private'
