-
    - 'Cache-Control: immutable,max-age=604800,public,s-maxage=60'
