-
    - 'Cache-Control: max-age=60,revalidate,public,s-maxage=60'
-
    - 'ETag: test'
