-
    - 'Cache-Control: no-cache,private'
-
    - 'ETag: test'
