-
    - 'Cache-Control: immutable,max-age=604800,private'
