-
    - 'Cache-Control: max-age=60,immutable,public,s-maxage=60'
