-
    - 'Cache-Control: no-cache,public'
-
    - 'ETag: test'
