-
    - 'Cache-Control: max-age=60,no-cache,private'
-
    - 'ETag: test'
