-
    - 'Cache-Control: no-cache,public,s-maxage=60'
-
    - 'ETag: test'
