-
    - 'Cache-Control: max-age=60,no-cache,public'
-
    - 'ETag: test'
