<!DOCTYPE html>
<html lang="en">
<head>
            <title>Index</title>
        </head>
        <body>
        <route>
            <test id="blah">
        <div>
            <h1>123</h1>
            <test id="a87ff679">
        <div>
            <h1>124</h1>
            <test id="e4da3b7f">
        <div>
            <h1>125</h1>
            <test id="1679091c"><p>Test</p></test>
        </div>

		</test>
        </div>

		</test>
        </div>

		</test>
        </route>
        <route></route>
        <route></route>
        <route></route>
        <defaultroute></defaultroute>
        </body>
        

		</html>
