<!DOCTYPE html>
<html lang="en">
<head>
		<title>Index</title>
	</head>
<body>
	<route><test></test></route>
	<route></route>
	<defaultroute></defaultroute>
</body>
</html>
