<!DOCTYPE html>
<html lang="en">
<head>
            <title>Index</title>
        </head>
        <body>
        <route></route>
        <route></route>
        <route></route>
        <route>
            <test id="c9f0f895">            <form hx-post="/somewhere">
<input type="hidden" name="csrf_token" value="WZSBUTomVbGO0hDU9xWwiBMw0BN/jmuyV/v0zLRRmJM="><input type="hidden" name="state_hash" value="3c235e85dcd2d85f383a06f15cb3985a2c6bc6585393d3fc492356fbf3ebf743"><input type="hidden" name="state" value="eyJuZXN0aW5nIjoiMCJ9"><input type="hidden" name="target_id" value="c9f0f895">
                <input type="text" name="test" value="test">
            </form>
			</test>
        </route>
        <defaultroute></defaultroute>
        </body>
        

		</html>
