<!DOCTYPE html>
<html lang="en">
<head>
            <title>Index</title>
        </head>
        <body>
        <route></route>
        <route></route>
        <route>
            <script>
                console.log({document.location.href})
            </script>
        </route>
        <route></route>
        <defaultroute></defaultroute>
        </body>
        

		</html>
