<!DOCTYPE html>
<html lang="en">
<head>
            <title>Index</title>
        </head>
        <body>
        <route></route>
        <route></route>
        <route></route>
        <route></route>
        <defaultroute>
            <test></test>
        </defaultroute>
        </body>
        

		</html>
