<html><body>
<div>Hello Zavier and <div>Hello Rob and </div>
</div>

</body></html>
