<html><body>
<div>I am a <div><div>child</div></div>
</div>

</body></html>
