<html><body>
<p>some text
</p>
<div>outer text
inner text
</div>

</body></html>
