<html><body>
<form hx-post="/" id="tester">        <input type="hidden" name="csrf_token" value="1234">
		<input type="hidden" name="target_id" value="tester">        
<input type="hidden" name="hello" value="world">

		</form>

</body></html>
