<html><body><p>test

not overridden

</p></body></html>
