<!DOCTYPE html>
<html lang="en" class="h-full">
<head>
	<title>Test</title>
	<script>console.log("<test>")</script>
	<style> .con {text-after-overflow: none; display: \25 \25 \5E \23 \40 \23 \24 ;} </style>
</head>
<body>
<a href="http://localhost"></a>
<a href="http://localhost/a%20test%20thing"></a>
<noscript>this is a message</noscript>
<div>Hello &amp;world</div>
<div>Hello world</div>
<script>console.log('ted')</script>
</body>

</html>
