<html><body>
<div>

	<div>User fancy-id</div>


</div>

</body></html>
